// Jest Snapshot v1, https://goo.gl/fbAQLP

exports[`renders a WidgetView using Snapshots 1`] = `
<RNWidgetView
  configuration={
    {
      "appearance": 0,
      "currency": "USD",
      "isInformational": true,
      "isMandatory": true,
      "isRespectServer": true,
      "type": 2,
    }
  }
  onChange={[Function]}
/>
`;
